[focusly-template.webflow.io/index.html]
[backblue.gif]
[fade.gif]
[index.html]
[cdn.prod.website-files.com/68264700ea161932bdd80da7/css/focusly-template.webflow.shared.fdb4e2a9d.css]
[cdn.prod.website-files.com/68264700ea161932bdd80da7/68265a5a9db481a901c415fb_favicon.png]
[cdn.prod.website-files.com/68264700ea161932bdd80da7/68265a92868fa00b42b2d412_webclip.png]
[focusly-template.webflow.io/about.html]
[focusly-template.webflow.io/works/1.html]
[focusly-template.webflow.io/process.html]
[focusly-template.webflow.io/contact/1.html]
[focusly-template.webflow.io/contact/3.html]
[focusly-template.webflow.io/work/bronx.html]
[focusly-template.webflow.io/work/movve.html]
[focusly-template.webflow.io/work/minimalista.html]
[focusly-template.webflow.io/home/2.html]
[focusly-template.webflow.io/home/3.html]
[focusly-template.webflow.io/works/2.html]
[focusly-template.webflow.io/works/3.html]
[focusly-template.webflow.io/contact/2.html]
[focusly-template.webflow.io/template/style-guide.html]
[focusly-template.webflow.io/template/licenses.html]
[focusly-template.webflow.io/template/changelog.html]
[d3e54v103j8qbb.cloudfront.net/js/jquery-3.5.1.min.dc5e7f18c8149e.js]
[cdn.prod.website-files.com/68264700ea161932bdd80da7/js/webflow.schunk.36b8fb49256177c8.js]
[cdn.prod.website-files.com/68264700ea161932bdd80da7/js/webflow.schunk.54412b9fc2a35eb9.js]
[focusly-template.webflow.io/index.html]
[cdn.prod.website-files.com/68264700ea161932bdd80da7/js/webflow.35ca3d15.94db447e8d7ac337.js]
[cdn.prod.website-files.com/68264700ea161932bdd80da7/68264700ea161932bdd80e55_webflow-spacing-bg-final.png]
[cdn.prod.website-files.com/68264700ea161932bdd80da7/css/focusly-template.webflow.shared.fdb4e2a9d.css]
[focusly-template.webflow.io/about.html]
[focusly-template.webflow.io/works/1.html]
[cdn.prod.website-files.com/68264700ea161932bdd80da7/682e000ffc0c4d1b9e525e2a_Close-Up Knitwear Duo.jpg]
[focusly-template.webflow.io/process.html]
[focusly-template.webflow.io/contact/1.html]
[focusly-template.webflow.io/contact/3.html]
[focusly-template.webflow.io/work/bronx.html]
[focusly-template.webflow.io/work/movve.html]
[focusly-template.webflow.io/work/minimalista.html]
[focusly-template.webflow.io/home/2.html]
[cdn.prod.website-files.com/68264700ea161932bdd80da7/js/webflow.9026f0ba.61f01ed2601931fa.js]
[cdn.prod.website-files.com/68264700ea161932bdd80da7/js/webflow.schunk.82f44582d86d1ea9.js]
[focusly-template.webflow.io/home/3.html]
[focusly-template.webflow.io/works/2.html]
[focusly-template.webflow.io/works/3.html]
[focusly-template.webflow.io/contact/2.html]
[focusly-template.webflow.io/template/style-guide.html]
[focusly-template.webflow.io/template/licenses.html]
[focusly-template.webflow.io/template/changelog.html]
[cdn.prod.website-files.com/68264700ea161932bdd80da7/js/webflow.df2ec2d2.e8690cee5ef74720.js]
